// Jest Snapshot v1, https://goo.gl/fbAQLP

exports[`Given a ParticleVortex when rendering should match snapshot 1`] = `
<ParticleVortexShowcaseView
  backgroundColor="#33344c"
  isMenuVisible={false}
  onGithubLinkClick={[Function]}
  onMenuToggle={[Function]}
  onShowCaseItemClick={[Function]}
  particleLifeTimeValue={1100}
  particleNumberValue={30}
  particleTraceWidthValue={600}
  showCases={
    Array [
      Object {
        "id": "flowMachine",
        "title": "FLOW MACHINE",
        "urlPath": "?particleLifeTime=30&particleTraceWidth=40&vortexNumber=3&particleNumber=400&backgroundColor=%231a414e",
      },
      Object {
        "id": "dimensionalSpin",
        "title": "DIMENSIONAL SPIN",
        "urlPath": "?particleLifeTime=100&particleTraceWidth=250&vortexNumber=4&particleNumber=20&backgroundColor=%232b2b59",
      },
      Object {
        "id": "snakeUniverse",
        "title": "SNAKE UNIVERSE",
        "urlPath": "?particleLifeTime=1000&particleTraceWidth=30&vortexNumber=3&particleNumber=200&backgroundColor=%231b293b",
      },
      Object {
        "id": "galacticJam",
        "title": "GALACTIC JAM",
        "urlPath": "?particleLifeTime=1000&particleTraceWidth=0.7&vortexNumber=3&particleNumber=200&backgroundColor=%2315151a",
      },
      Object {
        "id": "timeWindmill",
        "title": "TIME WINDMILL",
        "urlPath": "",
      },
      Object {
        "id": "motionOcean",
        "title": "MOTION OCEAN",
        "urlPath": "?particleLifeTime=100&particleTraceWidth=250&vortexNumber=4&particleNumber=1220&backgroundColor=%232b2b59",
      },
      Object {
        "id": "wave13",
        "title": "WAVE 13",
        "urlPath": "?particleLifeTime=1000&particleTraceWidth=150&vortexNumber=4&particleNumber=13&backgroundColor=%232b2b59",
      },
    ]
  }
  vortexNumberValue={2}
/>
`;
